============================= test session starts =============================
platform win32 -- Python 3.13.7, pytest-7.4.3, pluggy-1.6.0
rootdir: C:\Users\ajaba\Downloads\master\ftm\piloto ABD\nuevo\web
plugins: cov-4.1.0
collected 47 items / 9 errors

=================================== ERRORS ====================================
_________________ ERROR collecting Deprecated/test_error.txt __________________
C:\Users\ajaba\AppData\Local\Programs\Python\Python313\Lib\site-packages\_pytest\runner.py:341: in from_call
    result: Optional[TResult] = func()
C:\Users\ajaba\AppData\Local\Programs\Python\Python313\Lib\site-packages\_pytest\runner.py:372: in <lambda>
    call = CallInfo.from_call(lambda: list(collector.collect()), "collect")
C:\Users\ajaba\AppData\Local\Programs\Python\Python313\Lib\site-packages\_pytest\doctest.py:427: in collect
    text = self.path.read_text(encoding)
C:\Users\ajaba\AppData\Local\Programs\Python\Python313\Lib\pathlib\_local.py:546: in read_text
    return PathBase.read_text(self, encoding, errors, newline)
C:\Users\ajaba\AppData\Local\Programs\Python\Python313\Lib\pathlib\_abc.py:633: in read_text
    return f.read()
<frozen codecs>:325: in decode
    ???
E   UnicodeDecodeError: 'utf-8' codec can't decode byte 0xed in position 605: invalid continuation byte
_________________ ERROR collecting Deprecated/test_fail_2.txt _________________
C:\Users\ajaba\AppData\Local\Programs\Python\Python313\Lib\site-packages\_pytest\runner.py:341: in from_call
    result: Optional[TResult] = func()
C:\Users\ajaba\AppData\Local\Programs\Python\Python313\Lib\site-packages\_pytest\runner.py:372: in <lambda>
    call = CallInfo.from_call(lambda: list(collector.collect()), "collect")
C:\Users\ajaba\AppData\Local\Programs\Python\Python313\Lib\site-packages\_pytest\doctest.py:427: in collect
    text = self.path.read_text(encoding)
C:\Users\ajaba\AppData\Local\Programs\Python\Python313\Lib\pathlib\_local.py:546: in read_text
    return PathBase.read_text(self, encoding, errors, newline)
C:\Users\ajaba\AppData\Local\Programs\Python\Python313\Lib\pathlib\_abc.py:633: in read_text
    return f.read()
<frozen codecs>:325: in decode
    ???
E   UnicodeDecodeError: 'utf-8' codec can't decode byte 0xed in position 563: invalid continuation byte
_________________ ERROR collecting Deprecated/test_fail_3.txt _________________
C:\Users\ajaba\AppData\Local\Programs\Python\Python313\Lib\site-packages\_pytest\runner.py:341: in from_call
    result: Optional[TResult] = func()
C:\Users\ajaba\AppData\Local\Programs\Python\Python313\Lib\site-packages\_pytest\runner.py:372: in <lambda>
    call = CallInfo.from_call(lambda: list(collector.collect()), "collect")
C:\Users\ajaba\AppData\Local\Programs\Python\Python313\Lib\site-packages\_pytest\doctest.py:427: in collect
    text = self.path.read_text(encoding)
C:\Users\ajaba\AppData\Local\Programs\Python\Python313\Lib\pathlib\_local.py:546: in read_text
    return PathBase.read_text(self, encoding, errors, newline)
C:\Users\ajaba\AppData\Local\Programs\Python\Python313\Lib\pathlib\_abc.py:633: in read_text
    return f.read()
<frozen codecs>:325: in decode
    ???
E   UnicodeDecodeError: 'utf-8' codec can't decode byte 0xff in position 0: invalid start byte
_________________ ERROR collecting Deprecated/test_fail_4.txt _________________
C:\Users\ajaba\AppData\Local\Programs\Python\Python313\Lib\site-packages\_pytest\runner.py:341: in from_call
    result: Optional[TResult] = func()
C:\Users\ajaba\AppData\Local\Programs\Python\Python313\Lib\site-packages\_pytest\runner.py:372: in <lambda>
    call = CallInfo.from_call(lambda: list(collector.collect()), "collect")
C:\Users\ajaba\AppData\Local\Programs\Python\Python313\Lib\site-packages\_pytest\doctest.py:427: in collect
    text = self.path.read_text(encoding)
C:\Users\ajaba\AppData\Local\Programs\Python\Python313\Lib\pathlib\_local.py:546: in read_text
    return PathBase.read_text(self, encoding, errors, newline)
C:\Users\ajaba\AppData\Local\Programs\Python\Python313\Lib\pathlib\_abc.py:633: in read_text
    return f.read()
<frozen codecs>:325: in decode
    ???
E   UnicodeDecodeError: 'utf-8' codec can't decode byte 0xff in position 0: invalid start byte
_________________ ERROR collecting Deprecated/test_output.txt _________________
C:\Users\ajaba\AppData\Local\Programs\Python\Python313\Lib\site-packages\_pytest\runner.py:341: in from_call
    result: Optional[TResult] = func()
C:\Users\ajaba\AppData\Local\Programs\Python\Python313\Lib\site-packages\_pytest\runner.py:372: in <lambda>
    call = CallInfo.from_call(lambda: list(collector.collect()), "collect")
C:\Users\ajaba\AppData\Local\Programs\Python\Python313\Lib\site-packages\_pytest\doctest.py:427: in collect
    text = self.path.read_text(encoding)
C:\Users\ajaba\AppData\Local\Programs\Python\Python313\Lib\pathlib\_local.py:546: in read_text
    return PathBase.read_text(self, encoding, errors, newline)
C:\Users\ajaba\AppData\Local\Programs\Python\Python313\Lib\pathlib\_abc.py:633: in read_text
    return f.read()
<frozen codecs>:325: in decode
    ???
E   UnicodeDecodeError: 'utf-8' codec can't decode byte 0xff in position 0: invalid start byte
_______________ ERROR collecting Deprecated/test_output_log.txt _______________
C:\Users\ajaba\AppData\Local\Programs\Python\Python313\Lib\site-packages\_pytest\runner.py:341: in from_call
    result: Optional[TResult] = func()
C:\Users\ajaba\AppData\Local\Programs\Python\Python313\Lib\site-packages\_pytest\runner.py:372: in <lambda>
    call = CallInfo.from_call(lambda: list(collector.collect()), "collect")
C:\Users\ajaba\AppData\Local\Programs\Python\Python313\Lib\site-packages\_pytest\doctest.py:427: in collect
    text = self.path.read_text(encoding)
C:\Users\ajaba\AppData\Local\Programs\Python\Python313\Lib\pathlib\_local.py:546: in read_text
    return PathBase.read_text(self, encoding, errors, newline)
C:\Users\ajaba\AppData\Local\Programs\Python\Python313\Lib\pathlib\_abc.py:633: in read_text
    return f.read()
<frozen codecs>:325: in decode
    ???
E   UnicodeDecodeError: 'utf-8' codec can't decode byte 0xff in position 0: invalid start byte
______________ ERROR collecting Deprecated/test_output_utf8.txt _______________
C:\Users\ajaba\AppData\Local\Programs\Python\Python313\Lib\site-packages\_pytest\runner.py:341: in from_call
    result: Optional[TResult] = func()
C:\Users\ajaba\AppData\Local\Programs\Python\Python313\Lib\site-packages\_pytest\runner.py:372: in <lambda>
    call = CallInfo.from_call(lambda: list(collector.collect()), "collect")
C:\Users\ajaba\AppData\Local\Programs\Python\Python313\Lib\site-packages\_pytest\doctest.py:427: in collect
    text = self.path.read_text(encoding)
C:\Users\ajaba\AppData\Local\Programs\Python\Python313\Lib\pathlib\_local.py:546: in read_text
    return PathBase.read_text(self, encoding, errors, newline)
C:\Users\ajaba\AppData\Local\Programs\Python\Python313\Lib\pathlib\_abc.py:633: in read_text
    return f.read()
<frozen codecs>:325: in decode
    ???
E   UnicodeDecodeError: 'utf-8' codec can't decode byte 0xed in position 563: invalid continuation byte
_____________ ERROR collecting Deprecated/test_refactored_code.py _____________
ImportError while importing test module 'C:\Users\ajaba\Downloads\master\ftm\piloto ABD\nuevo\web\Deprecated\test_refactored_code.py'.
Hint: make sure your test modules/packages have valid Python names.
Traceback:
C:\Users\ajaba\AppData\Local\Programs\Python\Python313\Lib\importlib\__init__.py:88: in import_module
    return _bootstrap._gcd_import(name[level:], package, level)
Deprecated\test_refactored_code.py:10: in <module>
    from config import get_model_triage, get_model_transcription, get_model_simulation
E   ModuleNotFoundError: No module named 'config'
___________ ERROR collecting src/scripts/test_vital_signs_logic.py ____________
ImportError while importing test module 'C:\Users\ajaba\Downloads\master\ftm\piloto ABD\nuevo\web\src\scripts\test_vital_signs_logic.py'.
Hint: make sure your test modules/packages have valid Python names.
Traceback:
C:\Users\ajaba\AppData\Local\Programs\Python\Python313\Lib\importlib\__init__.py:88: in import_module
    return _bootstrap._gcd_import(name[level:], package, level)
src\scripts\test_vital_signs_logic.py:13: in <module>
    from src.components.triage.vital_signs_form import get_vital_sign_config, get_color_and_alert
E   ModuleNotFoundError: No module named 'src.components.triage.vital_signs_form'
------------------------------- Captured stderr -------------------------------
2025-12-04 13:12:56.020 WARNING streamlit.runtime.scriptrunner_utils.script_run_context: Thread 'MainThread': missing ScriptRunContext! This warning can be ignored when running in bare mode.
============================== warnings summary ===============================
..\..\..\..\..\..\AppData\Local\Programs\Python\Python313\Lib\site-packages\mongomock\__version__.py:1
  C:\Users\ajaba\AppData\Local\Programs\Python\Python313\Lib\site-packages\mongomock\__version__.py:1: UserWarning: pkg_resources is deprecated as an API. See https://setuptools.pypa.io/en/latest/pkg_resources.html. The pkg_resources package is slated for removal as early as 2025-11-30. Refrain from using this package or pin to Setuptools<81.
    import pkg_resources

..\..\..\..\..\..\AppData\Local\Programs\Python\Python313\Lib\site-packages\pkg_resources\__init__.py:3146
  C:\Users\ajaba\AppData\Local\Programs\Python\Python313\Lib\site-packages\pkg_resources\__init__.py:3146: DeprecationWarning: Deprecated call to `pkg_resources.declare_namespace('google')`.
  Implementing implicit namespace packages (as specified in PEP 420) is preferred to `pkg_resources.declare_namespace`. See https://setuptools.pypa.io/en/latest/references/keywords.html#keyword-namespace-packages
    declare_namespace(pkg)

src\db\models.py:36
src\db\models.py:36
  C:\Users\ajaba\Downloads\master\ftm\piloto ABD\nuevo\web\src\db\models.py:36: PydanticDeprecatedSince20: Support for class-based `config` is deprecated, use ConfigDict instead. Deprecated in Pydantic V2.0 to be removed in V3.0. See Pydantic V2 Migration Guide at https://errors.pydantic.dev/2.12/migration/
    class PromptVersion(BaseModel):

src\db\models.py:61
src\db\models.py:61
  C:\Users\ajaba\Downloads\master\ftm\piloto ABD\nuevo\web\src\db\models.py:61: PydanticDeprecatedSince20: Support for class-based `config` is deprecated, use ConfigDict instead. Deprecated in Pydantic V2.0 to be removed in V3.0. See Pydantic V2 Migration Guide at https://errors.pydantic.dev/2.12/migration/
    class AIAuditLog(BaseModel):

..\..\..\..\..\..\AppData\Local\Programs\Python\Python313\Lib\site-packages\pydantic\_internal\_generate_schema.py:942: 30 warnings
  C:\Users\ajaba\AppData\Local\Programs\Python\Python313\Lib\site-packages\pydantic\_internal\_generate_schema.py:942: PydanticDeprecatedSince20: `__get_validators__` is deprecated and will be removed, use `__get_pydantic_core_schema__` instead. Deprecated in Pydantic V2.0 to be removed in V3.0. See Pydantic V2 Migration Guide at https://errors.pydantic.dev/2.12/migration/
    warnings.warn(

..\..\..\..\..\..\AppData\Local\Programs\Python\Python313\Lib\site-packages\pydantic\_internal\_generate_schema.py:319: 54 warnings
  C:\Users\ajaba\AppData\Local\Programs\Python\Python313\Lib\site-packages\pydantic\_internal\_generate_schema.py:319: PydanticDeprecatedSince20: `json_encoders` is deprecated. See https://docs.pydantic.dev/2.12/concepts/serialization/#custom-serializers for alternatives. Deprecated in Pydantic V2.0 to be removed in V3.0. See Pydantic V2 Migration Guide at https://errors.pydantic.dev/2.12/migration/
    warnings.warn(

src\db\models.py:96
src\db\models.py:96
  C:\Users\ajaba\Downloads\master\ftm\piloto ABD\nuevo\web\src\db\models.py:96: PydanticDeprecatedSince20: Support for class-based `config` is deprecated, use ConfigDict instead. Deprecated in Pydantic V2.0 to be removed in V3.0. See Pydantic V2 Migration Guide at https://errors.pydantic.dev/2.12/migration/
    class Prompt(BaseModel):

src\db\models.py:142
src\db\models.py:142
  C:\Users\ajaba\Downloads\master\ftm\piloto ABD\nuevo\web\src\db\models.py:142: PydanticDeprecatedSince20: Support for class-based `config` is deprecated, use ConfigDict instead. Deprecated in Pydantic V2.0 to be removed in V3.0. See Pydantic V2 Migration Guide at https://errors.pydantic.dev/2.12/migration/
    class VitalSignReference(BaseModel):

src\db\models.py:208
src\db\models.py:208
  C:\Users\ajaba\Downloads\master\ftm\piloto ABD\nuevo\web\src\db\models.py:208: PydanticDeprecatedSince20: Support for class-based `config` is deprecated, use ConfigDict instead. Deprecated in Pydantic V2.0 to be removed in V3.0. See Pydantic V2 Migration Guide at https://errors.pydantic.dev/2.12/migration/
    class TriageRecord(BaseModel):

src\db\models.py:264
src\db\models.py:264
  C:\Users\ajaba\Downloads\master\ftm\piloto ABD\nuevo\web\src\db\models.py:264: PydanticDeprecatedSince20: Support for class-based `config` is deprecated, use ConfigDict instead. Deprecated in Pydantic V2.0 to be removed in V3.0. See Pydantic V2 Migration Guide at https://errors.pydantic.dev/2.12/migration/
    class FileImportRecord(BaseModel):

src\db\models.py:286
src\db\models.py:286
  C:\Users\ajaba\Downloads\master\ftm\piloto ABD\nuevo\web\src\db\models.py:286: PydanticDeprecatedSince20: Support for class-based `config` is deprecated, use ConfigDict instead. Deprecated in Pydantic V2.0 to be removed in V3.0. See Pydantic V2 Migration Guide at https://errors.pydantic.dev/2.12/migration/
    class TranscriptionRecord(BaseModel):

src\db\models.py:312
src\db\models.py:312
  C:\Users\ajaba\Downloads\master\ftm\piloto ABD\nuevo\web\src\db\models.py:312: PydanticDeprecatedSince20: Support for class-based `config` is deprecated, use ConfigDict instead. Deprecated in Pydantic V2.0 to be removed in V3.0. See Pydantic V2 Migration Guide at https://errors.pydantic.dev/2.12/migration/
    class PromptTest(BaseModel):

src\db\models.py:337
src\db\models.py:337
  C:\Users\ajaba\Downloads\master\ftm\piloto ABD\nuevo\web\src\db\models.py:337: PydanticDeprecatedSince20: Support for class-based `config` is deprecated, use ConfigDict instead. Deprecated in Pydantic V2.0 to be removed in V3.0. See Pydantic V2 Migration Guide at https://errors.pydantic.dev/2.12/migration/
    class ConfigItem(BaseModel):

src\db\models.py:356
src\db\models.py:356
  C:\Users\ajaba\Downloads\master\ftm\piloto ABD\nuevo\web\src\db\models.py:356: PydanticDeprecatedSince20: Support for class-based `config` is deprecated, use ConfigDict instead. Deprecated in Pydantic V2.0 to be removed in V3.0. See Pydantic V2 Migration Guide at https://errors.pydantic.dev/2.12/migration/
    class CenterGroup(BaseModel):

src\db\models.py:392
src\db\models.py:392
  C:\Users\ajaba\Downloads\master\ftm\piloto ABD\nuevo\web\src\db\models.py:392: PydanticDeprecatedSince20: Support for class-based `config` is deprecated, use ConfigDict instead. Deprecated in Pydantic V2.0 to be removed in V3.0. See Pydantic V2 Migration Guide at https://errors.pydantic.dev/2.12/migration/
    class Person(BaseModel):

src\db\models.py:437
src\db\models.py:437
  C:\Users\ajaba\Downloads\master\ftm\piloto ABD\nuevo\web\src\db\models.py:437: PydanticDeprecatedSince20: Support for class-based `config` is deprecated, use ConfigDict instead. Deprecated in Pydantic V2.0 to be removed in V3.0. See Pydantic V2 Migration Guide at https://errors.pydantic.dev/2.12/migration/
    class PatientFlow(BaseModel):

src\db\models.py:460
src\db\models.py:460
  C:\Users\ajaba\Downloads\master\ftm\piloto ABD\nuevo\web\src\db\models.py:460: PydanticDeprecatedSince20: Support for class-based `config` is deprecated, use ConfigDict instead. Deprecated in Pydantic V2.0 to be removed in V3.0. See Pydantic V2 Migration Guide at https://errors.pydantic.dev/2.12/migration/
    class Turno(BaseModel):

src\db\models.py:483
src\db\models.py:483
  C:\Users\ajaba\Downloads\master\ftm\piloto ABD\nuevo\web\src\db\models.py:483: PydanticDeprecatedSince20: Support for class-based `config` is deprecated, use ConfigDict instead. Deprecated in Pydantic V2.0 to be removed in V3.0. See Pydantic V2 Migration Guide at https://errors.pydantic.dev/2.12/migration/
    class ClinicalOption(BaseModel):

src\db\models.py:503
src\db\models.py:503
  C:\Users\ajaba\Downloads\master\ftm\piloto ABD\nuevo\web\src\db\models.py:503: PydanticDeprecatedSince20: Support for class-based `config` is deprecated, use ConfigDict instead. Deprecated in Pydantic V2.0 to be removed in V3.0. See Pydantic V2 Migration Guide at https://errors.pydantic.dev/2.12/migration/
    class Sala(BaseModel):

src\db\models.py:548
src\db\models.py:548
  C:\Users\ajaba\Downloads\master\ftm\piloto ABD\nuevo\web\src\db\models.py:548: PydanticDeprecatedSince20: Support for class-based `config` is deprecated, use ConfigDict instead. Deprecated in Pydantic V2.0 to be removed in V3.0. See Pydantic V2 Migration Guide at https://errors.pydantic.dev/2.12/migration/
    class PTRConfig(BaseModel):

-- Docs: https://docs.pytest.org/en/stable/how-to/capture-warnings.html
=========================== short test summary info ===========================
ERROR Deprecated/test_error.txt - UnicodeDecodeError: 'utf-8' codec can't dec...
ERROR Deprecated/test_fail_2.txt - UnicodeDecodeError: 'utf-8' codec can't de...
ERROR Deprecated/test_fail_3.txt - UnicodeDecodeError: 'utf-8' codec can't de...
ERROR Deprecated/test_fail_4.txt - UnicodeDecodeError: 'utf-8' codec can't de...
ERROR Deprecated/test_output.txt - UnicodeDecodeError: 'utf-8' codec can't de...
ERROR Deprecated/test_output_log.txt - UnicodeDecodeError: 'utf-8' codec can'...
ERROR Deprecated/test_output_utf8.txt - UnicodeDecodeError: 'utf-8' codec can...
ERROR Deprecated/test_refactored_code.py
ERROR src/scripts/test_vital_signs_logic.py
!!!!!!!!!!!!!!!!!!! Interrupted: 9 errors during collection !!!!!!!!!!!!!!!!!!!
====================== 118 warnings, 9 errors in 11.33s =======================
